// Jest Snapshot v1, https://goo.gl/fbAQLP

exports[`Checkbox renders correctly 1`] = `
<span
  className="pull-left align-top"
  style={
    Object {
      "display": "inline",
      "width": "35px",
    }
  }
>
  <input
    checked={true}
    onChange={[MockFunction]}
    style={
      Object {
        "marginTop": "5px",
      }
    }
    type="checkbox"
  />
</span>
`;
